 
****************************************
Report : area
Design : CONVEX
Version: T-2022.03
Date   : Fri Aug 22 00:32:19 2025
****************************************

Library(s) Used:

    slow (File: /usr/cad/CBDK_IC_Contest_v2.5/SynopsysDC/db/slow.db)

Number of ports:                           19
Number of nets:                          5351
Number of cells:                         4984
Number of combinational cells:           4682
Number of sequential cells:               301
Number of macros/black boxes:               0
Number of buf/inv:                        717
Number of references:                     167

Combinational area:              58399.047262
Buf/Inv area:                     5878.096206
Noncombinational area:           10924.466301
Macro/Black Box area:                0.000000
Net Interconnect area:          620576.443054

Total cell area:                 69323.513563
Total area:                     689899.956617
1
