 
****************************************
Report : timing
        -path full
        -delay max
        -max_paths 1
Design : CONVEX
Version: T-2022.03
Date   : Fri Aug 22 00:32:19 2025
****************************************

Operating Conditions: slow   Library: slow
Wire Load Model Mode: top

  Startpoint: point_X_reg[5][3]
              (rising edge-triggered flip-flop clocked by CLK)
  Endpoint: point_X_reg[2][5]
            (rising edge-triggered flip-flop clocked by CLK)
  Path Group: CLK
  Path Type: max

  Des/Clust/Port     Wire Load Model       Library
  ------------------------------------------------
  CONVEX             tsmc13_wl10           slow

  Point                                    Incr       Path
  -----------------------------------------------------------
  clock CLK (rise edge)                    0.00       0.00
  clock network delay (ideal)              0.50       0.50
  point_X_reg[5][3]/CK (DFFRX1)            0.00       0.50 r
  point_X_reg[5][3]/QN (DFFRX1)            0.91       1.41 r
  U4886/Y (OAI22X1)                        0.34       1.74 f
  U4762/Y (NOR2X2)                         0.20       1.94 r
  U5807/Y (OAI211X2)                       0.18       2.13 f
  U4713/Y (NOR4X4)                         0.30       2.42 r
  U5808/Y (OAI22X4)                        0.21       2.63 f
  U4761/Y (NAND2X2)                        0.15       2.78 r
  U6197/Y (OAI21X4)                        0.15       2.93 f
  U6206/Y (INVX4)                          0.12       3.05 r
  U3593/Y (NAND2X2)                        0.14       3.19 f
  U6207/Y (INVX4)                          0.16       3.35 r
  U6209/Y (XNOR2X4)                        0.14       3.49 r
  U6210/Y (XOR2X4)                         0.25       3.74 r
  U4305/Y (NAND2X4)                        0.12       3.86 f
  U4009/Y (INVX8)                          0.10       3.97 r
  U4296/Y (INVX8)                          0.07       4.04 f
  U6274/Y (OAI22X2)                        0.19       4.22 r
  U6293/S (ADDFHX4)                        0.35       4.58 r
  U3198/CO (ADDFHX2)                       0.28       4.86 r
  U6309/S (ADDFHX4)                        0.28       5.14 r
  U6310/S (ADDFHX4)                        0.30       5.44 f
  U4280/Y (INVX4)                          0.09       5.53 r
  U4273/Y (NAND2X6)                        0.07       5.60 f
  U4625/Y (BUFX2)                          0.22       5.82 f
  U4648/Y (NAND2X4)                        0.11       5.94 r
  U4647/Y (XOR2X4)                         0.15       6.09 r
  U3958/Y (AND2X4)                         0.16       6.25 r
  U3119/Y (NAND2X2)                        0.10       6.35 f
  U3853/Y (NOR2X4)                         0.13       6.49 r
  U4149/Y (NAND3X4)                        0.10       6.59 f
  U4672/Y (NAND4BX4)                       0.20       6.79 f
  U4146/Y (NOR3X6)                         0.18       6.97 r
  U5495/Y (NAND3X8)                        0.10       7.07 f
  U4609/Y (NAND2X8)                        0.10       7.17 r
  U4607/Y (BUFX20)                         0.15       7.32 r
  U4649/Y (BUFX16)                         0.11       7.43 r
  U4650/Y (BUFX20)                         0.12       7.56 r
  U3710/Y (AND2X4)                         0.14       7.70 r
  U4615/Y (OR2X8)                          0.13       7.83 r
  U4115/Y (INVX16)                         0.09       7.92 f
  U7421/Y (OAI211X1)                       0.27       8.19 r
  point_X_reg[2][5]/D (DFFRX2)             0.00       8.19 r
  data arrival time                                   8.19

  clock CLK (rise edge)                    8.00       8.00
  clock network delay (ideal)              0.50       8.50
  clock uncertainty                       -0.10       8.40
  point_X_reg[2][5]/CK (DFFRX2)            0.00       8.40 r
  library setup time                      -0.21       8.19
  data required time                                  8.19
  -----------------------------------------------------------
  data required time                                  8.19
  data arrival time                                  -8.19
  -----------------------------------------------------------
  slack (MET)                                         0.00


1
