 
****************************************
Report : timing
        -path full
        -delay max
        -max_paths 1
Design : KT
Version: T-2022.03
Date   : Fri Jan 23 14:46:28 2026
****************************************

Operating Conditions: slow   Library: slow
Wire Load Model Mode: top

  Startpoint: move_num_reg_reg[2]
              (rising edge-triggered flip-flop clocked by clk)
  Endpoint: cout_priority_reg[1]
            (rising edge-triggered flip-flop clocked by clk)
  Path Group: clk
  Path Type: max

  Point                                    Incr       Path
  -----------------------------------------------------------
  clock clk (rise edge)                    0.00       0.00
  clock network delay (ideal)              0.00       0.00
  move_num_reg_reg[2]/CK (DFFRX2)          0.00       0.00 r
  move_num_reg_reg[2]/QN (DFFRX2)          0.41       0.41 r
  U1117/Y (NAND2X2)                        0.09       0.49 f
  U876/Y (NOR2X2)                          0.17       0.66 r
  U889/Y (INVX4)                           0.16       0.83 f
  U1131/Y (OAI22XL)                        0.37       1.20 r
  U948/Y (INVXL)                           0.10       1.30 f
  U1143/Y (NOR2XL)                         0.24       1.54 r
  U958/Y (INVXL)                           0.14       1.68 f
  U1159/Y (OAI22XL)                        0.27       1.95 r
  U1160/Y (NOR2X1)                         0.11       2.06 f
  U950/Y (INVXL)                           0.12       2.18 r
  U883/S (ADDFX1)                          0.45       2.63 f
  U1246/Y (INVX3)                          0.29       2.92 r
  U1439/Y (OAI22XL)                        0.13       3.05 f
  U1440/Y (AOI221XL)                       0.19       3.24 r
  U1441/Y (OAI21XL)                        0.11       3.35 f
  U893/Y (AOI211XL)                        0.21       3.56 r
  U1446/Y (AOI22XL)                        0.13       3.69 f
  U997/Y (NAND4XL)                         0.18       3.87 r
  U1447/Y (NOR3X1)                         0.11       3.98 f
  U1450/Y (NAND4X1)                        0.14       4.12 r
  U1627/Y (INVX1)                          0.08       4.21 f
  U1631/Y (AOI221X1)                       0.19       4.39 r
  U1632/Y (OAI21XL)                        0.10       4.50 f
  U1065/Y (AOI22XL)                        0.17       4.67 r
  U1634/Y (OAI31XL)                        0.11       4.78 f
  cout_priority_reg[1]/D (DFFRX1)          0.00       4.78 f
  data arrival time                                   4.78

  clock clk (rise edge)                    5.00       5.00
  clock network delay (ideal)              0.00       5.00
  cout_priority_reg[1]/CK (DFFRX1)         0.00       5.00 r
  library setup time                      -0.21       4.79
  data required time                                  4.79
  -----------------------------------------------------------
  data required time                                  4.79
  data arrival time                                  -4.78
  -----------------------------------------------------------
  slack (MET)                                         0.01


1
