 
****************************************
Report : timing
        -path full
        -delay max
        -max_paths 1
Design : SME
Version: T-2022.03
Date   : Wed Dec 10 08:44:36 2025
****************************************

Operating Conditions: slow   Library: slow
Wire Load Model Mode: top

  Startpoint: isstring (input port clocked by clk)
  Endpoint: string_reg_reg[189]
            (rising edge-triggered flip-flop clocked by clk)
  Path Group: clk
  Path Type: max

  Des/Clust/Port     Wire Load Model       Library
  ------------------------------------------------
  SME                tsmc13_wl10           slow

  Point                                    Incr       Path
  -----------------------------------------------------------
  clock clk (fall edge)                   10.00      10.00
  clock network delay (ideal)              0.50      10.50
  input external delay                     0.00      10.50 f
  isstring (in)                            0.00      10.50 f
  U6333/Y (NOR2X1)                         0.47      10.97 r
  U4958/Y (CLKINVX1)                       0.51      11.48 f
  U3324/Y (NAND4X1)                        0.89      12.37 r
  U4959/Y (CLKBUFX3)                       0.86      13.23 r
  U4260/Y (CLKBUFX3)                       0.84      14.08 r
  U3683/Y (CLKBUFX3)                       0.82      14.89 r
  U4957/Y (NOR2X1)                         0.54      15.43 f
  U4259/Y (CLKBUFX3)                       0.96      16.39 f
  U3686/Y (CLKBUFX3)                       0.94      17.33 f
  U3493/Y (CLKBUFX3)                       0.94      18.27 f
  U3376/Y (CLKBUFX3)                       0.82      19.09 f
  U6626/Y (AOI222XL)                       0.80      19.89 r
  U6625/Y (CLKINVX1)                       0.24      20.14 f
  string_reg_reg[189]/D (DFFRX1)           0.00      20.14 f
  data arrival time                                  20.14

  clock clk (rise edge)                   20.00      20.00
  clock network delay (ideal)              0.50      20.50
  clock uncertainty                       -0.10      20.40
  string_reg_reg[189]/CK (DFFRX1)          0.00      20.40 r
  library setup time                      -0.25      20.15
  data required time                                 20.15
  -----------------------------------------------------------
  data required time                                 20.15
  data arrival time                                 -20.14
  -----------------------------------------------------------
  slack (MET)                                         0.01


1
