****************************************
Report : timing
	-path_type full
	-delay_type max
	-max_paths 1
	-sort_by slack
Design : TMIP
Version: T-2022.03
Date   : Sun May 10 22:44:57 2026
****************************************


  Startpoint: in_valid (input port clocked by clk)
  Endpoint: temp_buf_reg[0]
               (rising edge-triggered flip-flop clocked by clk)
  Path Group: clk
  Path Type: max

  Point                                    Incr       Path
  ---------------------------------------------------------------
  clock clk (rise edge)                    0.00       0.00
  clock network delay (ideal)              0.00       0.00
  input external delay                    10.00      10.00 r
  in_valid (in)                            0.00      10.00 r
  U1579/Y (AND2X2)                         0.24      10.24 r
  U1545/Y (NOR2BX1)                        0.61      10.86 r
  U2734/Y (NAND2X1)                        0.10      10.96 f
  U2724/Y (OAI211X1)                       0.09      11.05 r
  temp_buf_reg[0]/D (DFFRX1)               0.00      11.05 r
  data arrival time                                  11.05

  clock clk (rise edge)                   20.00      20.00
  clock network delay (ideal)              0.00      20.00
  clock reconvergence pessimism            0.00      20.00
  temp_buf_reg[0]/CK (DFFRX1)                        20.00 r
  library setup time                      -0.25      19.75
  data required time                                 19.75
  ---------------------------------------------------------------
  data required time                                 19.75
  data arrival time                                 -11.05
  ---------------------------------------------------------------
  slack (MET)                                         8.70


1
