 
****************************************
Report : area
Design : geofence
Version: T-2022.03
Date   : Tue Mar  3 12:02:50 2026
****************************************

Library(s) Used:

    slow (File: /usr/cad/CBDK_IC_Contest_v2.5/SynopsysDC/db/slow.db)

Number of ports:                         2128
Number of nets:                         11237
Number of cells:                         8468
Number of combinational cells:           8043
Number of sequential cells:               349
Number of macros/black boxes:               0
Number of buf/inv:                       1796
Number of references:                      80

Combinational area:             102349.825270
Buf/Inv area:                    11673.019714
Noncombinational area:           11818.995834
Macro/Black Box area:                0.000000
Net Interconnect area:          950511.439453

Total cell area:                114168.821104
Total area:                    1064680.260557
1
